---------------------------------------------------------------------------------------------------------------------------------------------------------------------------------------------------------------------------------------------------------------
      name:  <unnamed>
       log:  C:/Users/3055040/Dropbox/Papers/17. Appeals/Josue/School_Choice_Appeals_Replication/output/logs/00_master.log
  log type:  text
 opened on:  22 Jul 2026, 08:02:26

. 
. display as text "Replication root:"
Replication root:

. display as result "$ROOT"
C:/Users/3055040/Dropbox/Papers/17. Appeals/Josue/School_Choice_Appeals_Replication

. 
. display as text "Input data:"
Input data:

. display as result "$DATA/sessions_long.dta"
C:/Users/3055040/Dropbox/Papers/17. Appeals/Experiment/Data/sessions_long.dta

. 
. /* Verify that the required files exist */
. 
. capture confirm file "$DATA/sessions_long.dta"

. if _rc {
.     display as error "The data file was not found:"
.     display as error "$DATA/sessions_long.dta"
.     log close
.     exit 601
. }

. 
. capture confirm file "$CODE/01_prepare_data.do"

. if _rc {
.     display as error "The preparation do-file was not found:"
.     display as error "$CODE/01_prepare_data.do"
.     log close
.     exit 601
. }

. 
. capture confirm file "$CODE/02_main_results.do"

. if _rc {
.     display as error "The main-results do-file was not found:"
.     display as error "$CODE/02_main_results.do"
.     log close
.     exit 601
. }

. 
. /* Prepare the analysis datasets */
. 
. do "$CODE/01_prepare_data.do"

. /**********************************************************************
>  01_prepare_data.do
> 
>  Creates all analysis datasets used by the tables and figures.
> 
>  Output datasets
>    analysis_all.dta              10,220 records, with paper_sample flag
>    analysis_sample.dta           10,195 valid participant-period records
>    market_rounds.dta             1,435 complete seven-person markets
>    appeal_opportunities.dta      5,725 school-specific opportunities
>    appeal_rounds.dta             2,912 eligible participant-period records
>    consequential_reports.dta     one record per non-truthful paper observation
> 
>  Priority convention
>    Smaller priority numbers indicate higher underlying priority.
>    Strict blocking pairs use underlying priority classes only.
>    The role number is used only to reproduce the first-stage tie-break.
> **********************************************************************/
. version 18

. clear all

. set more off

. set linesize 255

. set seed 20260721

. 
. global ROOT "C:/Users/3055040/Dropbox/Papers/17. Appeals/Experiment"

. global DATA "$ROOT/Data"

. global CODE "$ROOT/Replication/code"

. global OUT  "$ROOT/Replication/output"

. global DER  "$OUT/data"

. global TAB  "$OUT/tables"

. global FIG  "$OUT/figures"

. global LOG  "$OUT/logs"

. 
. capture mkdir "$ROOT/Replication"

. capture mkdir "$OUT"

. capture mkdir "$DER"

. capture mkdir "$TAB"

. capture mkdir "$FIG"

. capture mkdir "$LOG"

. 
. confirm file "$DATA/sessions_long.dta"

. 
. do "$CODE/01_prepare_data.do"
file C:/Users/3055040/Dropbox/Papers/17. Appeals/Experiment/Replication/code/01_prepare_data.do not found
r(601);

end of do-file
r(601);

end of do-file

r(601);

. display "$ROOT"
C:/Users/3055040/Dropbox/Papers/17. Appeals/Experiment

. 
. display "$CODE"
C:/Users/3055040/Dropbox/Papers/17. Appeals/Experiment/Replication/code

. 
. display "$DATA"
C:/Users/3055040/Dropbox/Papers/17. Appeals/Experiment/Data

. 

. clear

. do "C:\Users\3055040\AppData\Local\Temp\STD5948_000000.tmp"

. /**********************************************************************
>  School Choice with Appeals
>  Main-text replication file
> 
>  Data:
>  C:\Users\3055040\Dropbox\Papers\17. Appeals\Experiment\Data\sessions_long.dta
> 
>  Replication folder:
>  C:\Users\3055040\Dropbox\Papers\17. Appeals\Josue\School_Choice_Appeals_Replication
> **********************************************************************/
. 
. version 18

. clear all

. set more off

. set linesize 255

. set seed 20260721

. 
. /* Exact project directories */
. 
. global ROOT "C:/Users/3055040/Dropbox/Papers/17. Appeals/Josue/School_Choice_Appeals_Replication"

. global DATA "C:/Users/3055040/Dropbox/Papers/17. Appeals/Experiment/Data"

. 
. global CODE "$ROOT/code"

. global OUT  "$ROOT/output"

. global TAB  "$OUT/tables"

. global FIG  "$OUT/figures"

. global DER  "$OUT/data"

. 
. /* Create output directories if they do not already exist */
. 
. capture mkdir "$OUT"

. capture mkdir "$TAB"

. capture mkdir "$FIG"

. capture mkdir "$DER"

. 
. /* Close any existing log, but do not create a new one */
. 
. capture log close _all
